This is pdfTeX, Version 3.14159265-2.6-1.40.18 (TeX Live 2017/Debian) (preloaded format=pdflatex 2025.4.17)  17 APR 2025 20:32
entering extended mode
 restricted \write18 enabled.
 %&-line parsing enabled.
**/home/vboxuser/pantheon/tmp/pantheon_report_ca4114c4-f0e0-4eee-a811-dc2b097f2
8e3.tex

(/home/vboxuser/pantheon/tmp/pantheon_report_ca4114c4-f0e0-4eee-a811-dc2b097f28
e3.tex
LaTeX2e <2017-04-15>
Babel <3.18> and hyphenation patterns for 3 language(s) loaded.
(/usr/share/texlive/texmf-dist/tex/latex/base/article.cls
Document Class: article 2014/09/29 v1.4h Standard LaTeX document class
(/usr/share/texlive/texmf-dist/tex/latex/base/size10.clo
File: size10.clo 2014/09/29 v1.4h Standard LaTeX file (size option)
)
\c@part=\count79
\c@section=\count80
\c@subsection=\count81
\c@subsubsection=\count82
\c@paragraph=\count83
\c@subparagraph=\count84
\c@figure=\count85
\c@table=\count86
\abovecaptionskip=\skip41
\belowcaptionskip=\skip42
\bibindent=\dimen102
)
(/usr/share/texlive/texmf-dist/tex/latex/pdfpages/pdfpages.sty
Package: pdfpages 2017/10/31 v0.5l Insert pages of external PDF documents (AM)

(/usr/share/texlive/texmf-dist/tex/latex/base/ifthen.sty
Package: ifthen 2014/09/29 v1.1c Standard LaTeX ifthen package (DPC)
)
(/usr/share/texlive/texmf-dist/tex/latex/tools/calc.sty
Package: calc 2014/10/28 v4.3 Infix arithmetic (KKT,FJ)
\calc@Acount=\count87
\calc@Bcount=\count88
\calc@Adimen=\dimen103
\calc@Bdimen=\dimen104
\calc@Askip=\skip43
\calc@Bskip=\skip44
LaTeX Info: Redefining \setlength on input line 80.
LaTeX Info: Redefining \addtolength on input line 81.
\calc@Ccount=\count89
\calc@Cskip=\skip45
)
(/usr/share/texlive/texmf-dist/tex/latex/eso-pic/eso-pic.sty
Package: eso-pic 2015/07/21 v2.0g eso-pic (RN)

(/usr/share/texlive/texmf-dist/tex/generic/oberdiek/atbegshi.sty
Package: atbegshi 2016/06/09 v1.18 At begin shipout hook (HO)

(/usr/share/texlive/texmf-dist/tex/generic/oberdiek/infwarerr.sty
Package: infwarerr 2016/05/16 v1.4 Providing info/warning/error messages (HO)
)
(/usr/share/texlive/texmf-dist/tex/generic/oberdiek/ltxcmds.sty
Package: ltxcmds 2016/05/16 v1.23 LaTeX kernel commands for general use (HO)
)
(/usr/share/texlive/texmf-dist/tex/generic/oberdiek/ifpdf.sty
Package: ifpdf 2017/03/15 v3.2 Provides the ifpdf switch
))
(/usr/share/texlive/texmf-dist/tex/latex/graphics/keyval.sty
Package: keyval 2014/10/28 v1.15 key=value parser (DPC)
\KV@toks@=\toks14
)
(/usr/share/texlive/texmf-dist/tex/latex/xcolor/xcolor.sty
Package: xcolor 2016/05/11 v2.12 LaTeX color extensions (UK)

(/usr/share/texlive/texmf-dist/tex/latex/graphics-cfg/color.cfg
File: color.cfg 2016/01/02 v1.6 sample color configuration
)
Package xcolor Info: Driver file: pdftex.def on input line 225.

(/usr/share/texlive/texmf-dist/tex/latex/graphics-def/pdftex.def
File: pdftex.def 2018/01/08 v1.0l Graphics/color driver for pdftex
)
Package xcolor Info: Model `cmy' substituted by `cmy0' on input line 1348.
Package xcolor Info: Model `hsb' substituted by `rgb' on input line 1352.
Package xcolor Info: Model `RGB' extended on input line 1364.
Package xcolor Info: Model `HTML' substituted by `rgb' on input line 1366.
Package xcolor Info: Model `Hsb' substituted by `hsb' on input line 1367.
Package xcolor Info: Model `tHsb' substituted by `hsb' on input line 1368.
Package xcolor Info: Model `HSB' substituted by `hsb' on input line 1369.
Package xcolor Info: Model `Gray' substituted by `gray' on input line 1370.
Package xcolor Info: Model `wave' substituted by `hsb' on input line 1371.
))
(/usr/share/texlive/texmf-dist/tex/latex/graphics/graphicx.sty
Package: graphicx 2017/06/01 v1.1a Enhanced LaTeX Graphics (DPC,SPQR)

(/usr/share/texlive/texmf-dist/tex/latex/graphics/graphics.sty
Package: graphics 2017/06/25 v1.2c Standard LaTeX Graphics (DPC,SPQR)

(/usr/share/texlive/texmf-dist/tex/latex/graphics/trig.sty
Package: trig 2016/01/03 v1.10 sin cos tan (DPC)
)
(/usr/share/texlive/texmf-dist/tex/latex/graphics-cfg/graphics.cfg
File: graphics.cfg 2016/06/04 v1.11 sample graphics configuration
)
Package graphics Info: Driver file: pdftex.def on input line 99.
)
\Gin@req@height=\dimen105
\Gin@req@width=\dimen106
)
\AM@pagewidth=\dimen107
\AM@pageheight=\dimen108

(/usr/share/texlive/texmf-dist/tex/latex/pdfpages/pppdftex.def
File: pppdftex.def 2017/10/31 v0.5l Pdfpages driver for pdfTeX (AM)
)
\AM@pagebox=\box26
\AM@global@opts=\toks15
\AM@toc@title=\toks16
\c@AM@survey=\count90
\AM@templatesizebox=\box27
)
(/usr/share/texlive/texmf-dist/tex/latex/float/float.sty
Package: float 2001/11/08 v1.3d Float enhancements (AL)
\c@float@type=\count91
\float@exts=\toks17
\float@box=\box28
\@float@everytoks=\toks18
\@floatcapt=\box29
)
(/usr/share/texlive/texmf-dist/tex/latex/tools/tabularx.sty
Package: tabularx 2016/02/03 v2.11 `tabularx' package (DPC)

(/usr/share/texlive/texmf-dist/tex/latex/tools/array.sty
Package: array 2016/10/06 v2.4d Tabular extension package (FMi)
\col@sep=\dimen109
\extrarowheight=\dimen110
\NC@list=\toks19
\extratabsurround=\skip46
\backup@length=\skip47
)
\TX@col@width=\dimen111
\TX@old@table=\dimen112
\TX@old@col=\dimen113
\TX@target=\dimen114
\TX@delta=\dimen115
\TX@cols=\count92
\TX@ftn=\toks20
)
(/usr/share/texlive/texmf-dist/tex/latex/oberdiek/pdflscape.sty
Package: pdflscape 2016/05/14 v0.11 Display of landscape pages in PDF (HO)

(/usr/share/texlive/texmf-dist/tex/latex/graphics/lscape.sty
Package: lscape 2000/10/22 v3.01 Landscape Pages (DPC)
)
Package pdflscape Info: Auto-detected driver: pdftex on input line 81.

(/usr/share/texlive/texmf-dist/tex/generic/ifxetex/ifxetex.sty
Package: ifxetex 2010/09/12 v0.6 Provides ifxetex conditional
))
(/usr/share/texlive/texmf-dist/tex/latex/base/textcomp.sty
Package: textcomp 2017/04/05 v2.0i Standard LaTeX package
Package textcomp Info: Sub-encoding information:
(textcomp)               5 = only ISO-Adobe without \textcurrency
(textcomp)               4 = 5 + \texteuro
(textcomp)               3 = 4 + \textohm
(textcomp)               2 = 3 + \textestimated + \textcurrency
(textcomp)               1 = TS1 - \textcircled - \t
(textcomp)               0 = TS1 (full)
(textcomp)             Font families with sub-encoding setting implement
(textcomp)             only a restricted character set as indicated.
(textcomp)             Family '?' is the default used for unknown fonts.
(textcomp)             See the documentation for details.
Package textcomp Info: Setting ? sub-encoding to TS1/1 on input line 79.

(/usr/share/texlive/texmf-dist/tex/latex/base/ts1enc.def
File: ts1enc.def 2001/06/05 v3.0e (jk/car/fm) Standard LaTeX file
)
LaTeX Info: Redefining \oldstylenums on input line 334.
Package textcomp Info: Setting cmr sub-encoding to TS1/0 on input line 349.
Package textcomp Info: Setting cmss sub-encoding to TS1/0 on input line 350.
Package textcomp Info: Setting cmtt sub-encoding to TS1/0 on input line 351.
Package textcomp Info: Setting cmvtt sub-encoding to TS1/0 on input line 352.
Package textcomp Info: Setting cmbr sub-encoding to TS1/0 on input line 353.
Package textcomp Info: Setting cmtl sub-encoding to TS1/0 on input line 354.
Package textcomp Info: Setting ccr sub-encoding to TS1/0 on input line 355.
Package textcomp Info: Setting ptm sub-encoding to TS1/4 on input line 356.
Package textcomp Info: Setting pcr sub-encoding to TS1/4 on input line 357.
Package textcomp Info: Setting phv sub-encoding to TS1/4 on input line 358.
Package textcomp Info: Setting ppl sub-encoding to TS1/3 on input line 359.
Package textcomp Info: Setting pag sub-encoding to TS1/4 on input line 360.
Package textcomp Info: Setting pbk sub-encoding to TS1/4 on input line 361.
Package textcomp Info: Setting pnc sub-encoding to TS1/4 on input line 362.
Package textcomp Info: Setting pzc sub-encoding to TS1/4 on input line 363.
Package textcomp Info: Setting bch sub-encoding to TS1/4 on input line 364.
Package textcomp Info: Setting put sub-encoding to TS1/5 on input line 365.
Package textcomp Info: Setting uag sub-encoding to TS1/5 on input line 366.
Package textcomp Info: Setting ugq sub-encoding to TS1/5 on input line 367.
Package textcomp Info: Setting ul8 sub-encoding to TS1/4 on input line 368.
Package textcomp Info: Setting ul9 sub-encoding to TS1/4 on input line 369.
Package textcomp Info: Setting augie sub-encoding to TS1/5 on input line 370.
Package textcomp Info: Setting dayrom sub-encoding to TS1/3 on input line 371.
Package textcomp Info: Setting dayroms sub-encoding to TS1/3 on input line 372.

Package textcomp Info: Setting pxr sub-encoding to TS1/0 on input line 373.
Package textcomp Info: Setting pxss sub-encoding to TS1/0 on input line 374.
Package textcomp Info: Setting pxtt sub-encoding to TS1/0 on input line 375.
Package textcomp Info: Setting txr sub-encoding to TS1/0 on input line 376.
Package textcomp Info: Setting txss sub-encoding to TS1/0 on input line 377.
Package textcomp Info: Setting txtt sub-encoding to TS1/0 on input line 378.
Package textcomp Info: Setting lmr sub-encoding to TS1/0 on input line 379.
Package textcomp Info: Setting lmdh sub-encoding to TS1/0 on input line 380.
Package textcomp Info: Setting lmss sub-encoding to TS1/0 on input line 381.
Package textcomp Info: Setting lmssq sub-encoding to TS1/0 on input line 382.
Package textcomp Info: Setting lmvtt sub-encoding to TS1/0 on input line 383.
Package textcomp Info: Setting lmtt sub-encoding to TS1/0 on input line 384.
Package textcomp Info: Setting qhv sub-encoding to TS1/0 on input line 385.
Package textcomp Info: Setting qag sub-encoding to TS1/0 on input line 386.
Package textcomp Info: Setting qbk sub-encoding to TS1/0 on input line 387.
Package textcomp Info: Setting qcr sub-encoding to TS1/0 on input line 388.
Package textcomp Info: Setting qcs sub-encoding to TS1/0 on input line 389.
Package textcomp Info: Setting qpl sub-encoding to TS1/0 on input line 390.
Package textcomp Info: Setting qtm sub-encoding to TS1/0 on input line 391.
Package textcomp Info: Setting qzc sub-encoding to TS1/0 on input line 392.
Package textcomp Info: Setting qhvc sub-encoding to TS1/0 on input line 393.
Package textcomp Info: Setting futs sub-encoding to TS1/4 on input line 394.
Package textcomp Info: Setting futx sub-encoding to TS1/4 on input line 395.
Package textcomp Info: Setting futj sub-encoding to TS1/4 on input line 396.
Package textcomp Info: Setting hlh sub-encoding to TS1/3 on input line 397.
Package textcomp Info: Setting hls sub-encoding to TS1/3 on input line 398.
Package textcomp Info: Setting hlst sub-encoding to TS1/3 on input line 399.
Package textcomp Info: Setting hlct sub-encoding to TS1/5 on input line 400.
Package textcomp Info: Setting hlx sub-encoding to TS1/5 on input line 401.
Package textcomp Info: Setting hlce sub-encoding to TS1/5 on input line 402.
Package textcomp Info: Setting hlcn sub-encoding to TS1/5 on input line 403.
Package textcomp Info: Setting hlcw sub-encoding to TS1/5 on input line 404.
Package textcomp Info: Setting hlcf sub-encoding to TS1/5 on input line 405.
Package textcomp Info: Setting pplx sub-encoding to TS1/3 on input line 406.
Package textcomp Info: Setting pplj sub-encoding to TS1/3 on input line 407.
Package textcomp Info: Setting ptmx sub-encoding to TS1/4 on input line 408.
Package textcomp Info: Setting ptmj sub-encoding to TS1/4 on input line 409.
)
No file pantheon_report_ca4114c4-f0e0-4eee-a811-dc2b097f28e3.aux.
\openout1 = `pantheon_report_ca4114c4-f0e0-4eee-a811-dc2b097f28e3.aux'.

LaTeX Font Info:    Checking defaults for OML/cmm/m/it on input line 13.
LaTeX Font Info:    ... okay on input line 13.
LaTeX Font Info:    Checking defaults for T1/cmr/m/n on input line 13.
LaTeX Font Info:    ... okay on input line 13.
LaTeX Font Info:    Checking defaults for OT1/cmr/m/n on input line 13.
LaTeX Font Info:    ... okay on input line 13.
LaTeX Font Info:    Checking defaults for OMS/cmsy/m/n on input line 13.
LaTeX Font Info:    ... okay on input line 13.
LaTeX Font Info:    Checking defaults for OMX/cmex/m/n on input line 13.
LaTeX Font Info:    ... okay on input line 13.
LaTeX Font Info:    Checking defaults for U/cmr/m/n on input line 13.
LaTeX Font Info:    ... okay on input line 13.
LaTeX Font Info:    Checking defaults for TS1/cmr/m/n on input line 13.
LaTeX Font Info:    Try loading font information for TS1+cmr on input line 13.
(/usr/share/texlive/texmf-dist/tex/latex/base/ts1cmr.fd
File: ts1cmr.fd 2014/09/29 v2.5h Standard LaTeX font definitions
)
LaTeX Font Info:    ... okay on input line 13.
\AtBeginShipoutBox=\box30

(/usr/share/texlive/texmf-dist/tex/context/base/mkii/supp-pdf.mkii
[Loading MPS to PDF converter (version 2006.09.02).]
\scratchcounter=\count93
\scratchdimen=\dimen116
\scratchbox=\box31
\nofMPsegments=\count94
\nofMParguments=\count95
\everyMPshowfont=\toks21
\MPscratchCnt=\count96
\MPscratchDim=\dimen117
\MPnumerator=\count97
\makeMPintoPDFobject=\count98
\everyMPtoPDFconversion=\toks22
) (/usr/share/texlive/texmf-dist/tex/latex/oberdiek/epstopdf-base.sty
Package: epstopdf-base 2016/05/15 v2.6 Base part for package epstopdf

(/usr/share/texlive/texmf-dist/tex/latex/oberdiek/grfext.sty
Package: grfext 2016/05/16 v1.2 Manage graphics extensions (HO)

(/usr/share/texlive/texmf-dist/tex/generic/oberdiek/kvdefinekeys.sty
Package: kvdefinekeys 2016/05/16 v1.4 Define keys (HO)
))
(/usr/share/texlive/texmf-dist/tex/latex/oberdiek/kvoptions.sty
Package: kvoptions 2016/05/16 v3.12 Key value format for package options (HO)

(/usr/share/texlive/texmf-dist/tex/generic/oberdiek/kvsetkeys.sty
Package: kvsetkeys 2016/05/16 v1.17 Key value parser (HO)

(/usr/share/texlive/texmf-dist/tex/generic/oberdiek/etexcmds.sty
Package: etexcmds 2016/05/16 v1.6 Avoid name clashes with e-TeX commands (HO)

(/usr/share/texlive/texmf-dist/tex/generic/oberdiek/ifluatex.sty
Package: ifluatex 2016/05/16 v1.4 Provides the ifluatex switch (HO)
Package ifluatex Info: LuaTeX not detected.
)
Package etexcmds Info: Could not find \expanded.
(etexcmds)             That can mean that you are not using pdfTeX 1.50 or
(etexcmds)             that some package has redefined \expanded.
(etexcmds)             In the latter case, load this package earlier.
)))
(/usr/share/texlive/texmf-dist/tex/generic/oberdiek/pdftexcmds.sty
Package: pdftexcmds 2018/01/21 v0.26 Utility functions of pdfTeX for LuaTeX (HO
)
Package pdftexcmds Info: LuaTeX not detected.
Package pdftexcmds Info: \pdf@primitive is available.
Package pdftexcmds Info: \pdf@ifprimitive is available.
Package pdftexcmds Info: \pdfdraftmode found.
)
Package epstopdf-base Info: Redefining graphics rule for `.eps' on input line 4
38.
Package grfext Info: Graphics extension search list:
(grfext)             [.pdf,.png,.jpg,.mps,.jpeg,.jbig2,.jb2,.PDF,.PNG,.JPG,.JPE
G,.JBIG2,.JB2,.eps]
(grfext)             \AppendGraphicsExtensions on input line 456.

(/usr/share/texlive/texmf-dist/tex/latex/latexconfig/epstopdf-sys.cfg
File: epstopdf-sys.cfg 2010/07/13 v1.3 Configuration of (r)epstopdf for TeX Liv
e
))
Overfull \hbox (1.49698pt too wide) in paragraph at lines 54--54
[]\OT1/cmtt/m/n/10 third_party/fillp-sheep @ 0e5bb722943babcd2b090d2c64fcd45e12
e923f9[] 
 []


Overfull \hbox (22.4968pt too wide) in paragraph at lines 54--54
[]\OT1/cmtt/m/n/10 third_party/pantheon-tunnel @ f866d3f58d27afd942717625ee3a35
4cc2e802bd[] 
 []


Overfull \hbox (27.74675pt too wide) in paragraph at lines 54--54
[]\OT1/cmtt/m/n/10 third_party/pcc-experimental @ cd43e34e3f5f5613e8acd08fab92c
4eb24f974ab[] 
 []


Overfull \hbox (27.74675pt too wide) in paragraph at lines 54--54
[]\OT1/cmtt/m/n/10 third_party/scream-reproduce @ f099118d1421aa3131bf11ff19649
74e1da3bdb2[] 
 []

[1

{/var/lib/texmf/fonts/map/pdftex/updmap/pdftex.map}]
</home/vboxuser/pantheon/src/experiments/data/pantheon_summary_mean.pdf, id=9, 
426.35663pt x 357.11806pt>
File: /home/vboxuser/pantheon/src/experiments/data/pantheon_summary_mean.pdf Gr
aphic file (type pdf)
<use /home/vboxuser/pantheon/src/experiments/data/pantheon_summary_mean.pdf>
Package pdftex.def Info: /home/vboxuser/pantheon/src/experiments/data/pantheon_
summary_mean.pdf  used on input line 58.
(pdftex.def)             Requested size: 345.0pt x 288.98068pt.
</home/vboxuser/pantheon/src/experiments/data/pantheon_summary.pdf, id=10, 545.
26648pt x 348.95984pt>
File: /home/vboxuser/pantheon/src/experiments/data/pantheon_summary.pdf Graphic
 file (type pdf)
<use /home/vboxuser/pantheon/src/experiments/data/pantheon_summary.pdf>
Package pdftex.def Info: /home/vboxuser/pantheon/src/experiments/data/pantheon_
summary.pdf  used on input line 60.
(pdftex.def)             Requested size: 345.0pt x 220.79897pt.
 [2 </home/vboxuser/pantheon/src/experiments/data/pantheon_summary_mean.pdf> </
home/vboxuser/pantheon/src/experiments/data/pantheon_summary.pdf

pdfTeX warning: pdflatex (file /home/vboxuser/pantheon/src/experiments/data/pan
theon_summary.pdf): PDF inclusion: multiple pdfs with page group included in a 
single page
>] [3

] [4

] [5] [6]
</home/vboxuser/pantheon/src/experiments/data/copa_datalink_throughput_run1.png
, id=129, 740.0448pt x 440.847pt>
File: /home/vboxuser/pantheon/src/experiments/data/copa_datalink_throughput_run
1.png Graphic file (type png)
<use /home/vboxuser/pantheon/src/experiments/data/copa_datalink_throughput_run1
.png>
Package pdftex.def Info: /home/vboxuser/pantheon/src/experiments/data/copa_data
link_throughput_run1.png  used on input line 120.
(pdftex.def)             Requested size: 345.0pt x 205.51642pt.
</home/vboxuser/pantheon/src/experiments/data/copa_datalink_delay_run1.png, id=
131, 745.1037pt x 427.1157pt>
File: /home/vboxuser/pantheon/src/experiments/data/copa_datalink_delay_run1.png
 Graphic file (type png)
<use /home/vboxuser/pantheon/src/experiments/data/copa_datalink_delay_run1.png>

Package pdftex.def Info: /home/vboxuser/pantheon/src/experiments/data/copa_data
link_delay_run1.png  used on input line 122.
(pdftex.def)             Requested size: 345.0pt x 197.76602pt.
 [7 </home/vboxuser/pantheon/src/experiments/data/copa_datalink_throughput_run1
.png> </home/vboxuser/pantheon/src/experiments/data/copa_datalink_delay_run1.pn
g>] [8]
</home/vboxuser/pantheon/src/experiments/data/cubic_datalink_throughput_run1.pn
g, id=141, 740.7675pt x 440.847pt>
File: /home/vboxuser/pantheon/src/experiments/data/cubic_datalink_throughput_ru
n1.png Graphic file (type png)
<use /home/vboxuser/pantheon/src/experiments/data/cubic_datalink_throughput_run
1.png>
Package pdftex.def Info: /home/vboxuser/pantheon/src/experiments/data/cubic_dat
alink_throughput_run1.png  used on input line 149.
(pdftex.def)             Requested size: 345.0pt x 205.32133pt.
</home/vboxuser/pantheon/src/experiments/data/cubic_datalink_delay_run1.png, id
=142, 746.5491pt x 427.1157pt>
File: /home/vboxuser/pantheon/src/experiments/data/cubic_datalink_delay_run1.pn
g Graphic file (type png)
<use /home/vboxuser/pantheon/src/experiments/data/cubic_datalink_delay_run1.png
>
Package pdftex.def Info: /home/vboxuser/pantheon/src/experiments/data/cubic_dat
alink_delay_run1.png  used on input line 151.
(pdftex.def)             Requested size: 345.0pt x 197.3815pt.
 [9 </home/vboxuser/pantheon/src/experiments/data/cubic_datalink_throughput_run
1.png> </home/vboxuser/pantheon/src/experiments/data/cubic_datalink_delay_run1.
png>] [10]
</home/vboxuser/pantheon/src/experiments/data/fillp_datalink_throughput_run1.pn
g, id=151, 740.7675pt x 440.847pt>
File: /home/vboxuser/pantheon/src/experiments/data/fillp_datalink_throughput_ru
n1.png Graphic file (type png)
<use /home/vboxuser/pantheon/src/experiments/data/fillp_datalink_throughput_run
1.png>
Package pdftex.def Info: /home/vboxuser/pantheon/src/experiments/data/fillp_dat
alink_throughput_run1.png  used on input line 178.
(pdftex.def)             Requested size: 345.0pt x 205.32133pt.
</home/vboxuser/pantheon/src/experiments/data/fillp_datalink_delay_run1.png, id
=152, 746.5491pt x 427.1157pt>
File: /home/vboxuser/pantheon/src/experiments/data/fillp_datalink_delay_run1.pn
g Graphic file (type png)
<use /home/vboxuser/pantheon/src/experiments/data/fillp_datalink_delay_run1.png
>
Package pdftex.def Info: /home/vboxuser/pantheon/src/experiments/data/fillp_dat
alink_delay_run1.png  used on input line 180.
(pdftex.def)             Requested size: 345.0pt x 197.3815pt.
 [11 </home/vboxuser/pantheon/src/experiments/data/fillp_datalink_throughput_ru
n1.png> </home/vboxuser/pantheon/src/experiments/data/fillp_datalink_delay_run1
.png>] [12]
</home/vboxuser/pantheon/src/experiments/data/fillp_sheep_datalink_throughput_r
un1.png, id=161, 740.7675pt x 440.847pt>
File: /home/vboxuser/pantheon/src/experiments/data/fillp_sheep_datalink_through
put_run1.png Graphic file (type png)
<use /home/vboxuser/pantheon/src/experiments/data/fillp_sheep_datalink_throughp
ut_run1.png>
Package pdftex.def Info: /home/vboxuser/pantheon/src/experiments/data/fillp_she
ep_datalink_throughput_run1.png  used on input line 207.
(pdftex.def)             Requested size: 345.0pt x 205.32133pt.
</home/vboxuser/pantheon/src/experiments/data/fillp_sheep_datalink_delay_run1.p
ng, id=162, 746.5491pt x 427.1157pt>
File: /home/vboxuser/pantheon/src/experiments/data/fillp_sheep_datalink_delay_r
un1.png Graphic file (type png)
<use /home/vboxuser/pantheon/src/experiments/data/fillp_sheep_datalink_delay_ru
n1.png>
Package pdftex.def Info: /home/vboxuser/pantheon/src/experiments/data/fillp_she
ep_datalink_delay_run1.png  used on input line 209.
(pdftex.def)             Requested size: 345.0pt x 197.3815pt.
 [13 </home/vboxuser/pantheon/src/experiments/data/fillp_sheep_datalink_through
put_run1.png> </home/vboxuser/pantheon/src/experiments/data/fillp_sheep_datalin
k_delay_run1.png>] [14] [15]
[16] [17] [18] [19] [20] [21] [22] [23] [24]
</home/vboxuser/pantheon/src/experiments/data/scream_datalink_throughput_run1.p
ng, id=203, 740.7675pt x 440.847pt>
File: /home/vboxuser/pantheon/src/experiments/data/scream_datalink_throughput_r
un1.png Graphic file (type png)
<use /home/vboxuser/pantheon/src/experiments/data/scream_datalink_throughput_ru
n1.png>
Package pdftex.def Info: /home/vboxuser/pantheon/src/experiments/data/scream_da
talink_throughput_run1.png  used on input line 321.
(pdftex.def)             Requested size: 345.0pt x 205.32133pt.
</home/vboxuser/pantheon/src/experiments/data/scream_datalink_delay_run1.png, i
d=204, 740.0448pt x 427.1157pt>
File: /home/vboxuser/pantheon/src/experiments/data/scream_datalink_delay_run1.p
ng Graphic file (type png)
<use /home/vboxuser/pantheon/src/experiments/data/scream_datalink_delay_run1.pn
g>
Package pdftex.def Info: /home/vboxuser/pantheon/src/experiments/data/scream_da
talink_delay_run1.png  used on input line 323.
(pdftex.def)             Requested size: 345.0pt x 199.11508pt.
 [25 </home/vboxuser/pantheon/src/experiments/data/scream_datalink_throughput_r
un1.png> </home/vboxuser/pantheon/src/experiments/data/scream_datalink_delay_ru
n1.png>] [26] [27] [28]
</home/vboxuser/pantheon/src/experiments/data/taova_datalink_throughput_run1.pn
g, id=220, 740.7675pt x 440.847pt>
File: /home/vboxuser/pantheon/src/experiments/data/taova_datalink_throughput_ru
n1.png Graphic file (type png)
<use /home/vboxuser/pantheon/src/experiments/data/taova_datalink_throughput_run
1.png>
Package pdftex.def Info: /home/vboxuser/pantheon/src/experiments/data/taova_dat
alink_throughput_run1.png  used on input line 367.
(pdftex.def)             Requested size: 345.0pt x 205.32133pt.
</home/vboxuser/pantheon/src/experiments/data/taova_datalink_delay_run1.png, id
=221, 746.5491pt x 427.1157pt>
File: /home/vboxuser/pantheon/src/experiments/data/taova_datalink_delay_run1.pn
g Graphic file (type png)
<use /home/vboxuser/pantheon/src/experiments/data/taova_datalink_delay_run1.png
>
Package pdftex.def Info: /home/vboxuser/pantheon/src/experiments/data/taova_dat
alink_delay_run1.png  used on input line 369.
(pdftex.def)             Requested size: 345.0pt x 197.3815pt.
 [29 </home/vboxuser/pantheon/src/experiments/data/taova_datalink_throughput_ru
n1.png> </home/vboxuser/pantheon/src/experiments/data/taova_datalink_delay_run1
.png>]
[30] [31] [32] [33] [34]
</home/vboxuser/pantheon/src/experiments/data/vivace_datalink_throughput_run1.p
ng, id=243, 740.7675pt x 440.847pt>
File: /home/vboxuser/pantheon/src/experiments/data/vivace_datalink_throughput_r
un1.png Graphic file (type png)
<use /home/vboxuser/pantheon/src/experiments/data/vivace_datalink_throughput_ru
n1.png>
Package pdftex.def Info: /home/vboxuser/pantheon/src/experiments/data/vivace_da
talink_throughput_run1.png  used on input line 430.
(pdftex.def)             Requested size: 345.0pt x 205.32133pt.
</home/vboxuser/pantheon/src/experiments/data/vivace_datalink_delay_run1.png, i
d=244, 746.5491pt x 427.1157pt>
File: /home/vboxuser/pantheon/src/experiments/data/vivace_datalink_delay_run1.p
ng Graphic file (type png)
<use /home/vboxuser/pantheon/src/experiments/data/vivace_datalink_delay_run1.pn
g>
Package pdftex.def Info: /home/vboxuser/pantheon/src/experiments/data/vivace_da
talink_delay_run1.png  used on input line 432.
(pdftex.def)             Requested size: 345.0pt x 197.3815pt.
 [35 </home/vboxuser/pantheon/src/experiments/data/vivace_datalink_throughput_r
un1.png> </home/vboxuser/pantheon/src/experiments/data/vivace_datalink_delay_ru
n1.png>] [36]
</home/vboxuser/pantheon/src/experiments/data/webrtc_datalink_throughput_run1.p
ng, id=253, 740.0448pt x 440.847pt>
File: /home/vboxuser/pantheon/src/experiments/data/webrtc_datalink_throughput_r
un1.png Graphic file (type png)
<use /home/vboxuser/pantheon/src/experiments/data/webrtc_datalink_throughput_ru
n1.png>
Package pdftex.def Info: /home/vboxuser/pantheon/src/experiments/data/webrtc_da
talink_throughput_run1.png  used on input line 447.
(pdftex.def)             Requested size: 345.0pt x 205.51642pt.
</home/vboxuser/pantheon/src/experiments/data/webrtc_datalink_delay_run1.png, i
d=254, 750.1626pt x 427.1157pt>
File: /home/vboxuser/pantheon/src/experiments/data/webrtc_datalink_delay_run1.p
ng Graphic file (type png)
<use /home/vboxuser/pantheon/src/experiments/data/webrtc_datalink_delay_run1.pn
g>
Package pdftex.def Info: /home/vboxuser/pantheon/src/experiments/data/webrtc_da
talink_delay_run1.png  used on input line 449.
(pdftex.def)             Requested size: 345.0pt x 196.42998pt.
 [37 </home/vboxuser/pantheon/src/experiments/data/webrtc_datalink_throughput_r
un1.png> </home/vboxuser/pantheon/src/experiments/data/webrtc_datalink_delay_ru
n1.png>]
(./pantheon_report_ca4114c4-f0e0-4eee-a811-dc2b097f28e3.aux) ) 
Here is how much of TeX's memory you used:
 3451 strings out of 494923
 55650 string characters out of 6180742
 116880 words of memory out of 5000000
 6690 multiletter control sequences out of 15000+600000
 4423 words of font info for 17 fonts, out of 8000000 for 9000
 14 hyphenation exceptions out of 8191
 41i,8n,39p,347b,231s stack positions out of 5000i,500n,10000p,200000b,80000s
</usr/share/texli
ve/texmf-dist/fonts/type1/public/amsfonts/cm/cmbx12.pfb></usr/share/texlive/tex
mf-dist/fonts/type1/public/amsfonts/cm/cmr10.pfb></usr/share/texlive/texmf-dist
/fonts/type1/public/amsfonts/cm/cmtt10.pfb>
Output written on pantheon_report_ca4114c4-f0e0-4eee-a811-dc2b097f28e3.pdf (37 
pages, 736496 bytes).
PDF statistics:
 276 PDF objects out of 1000 (max. 8388607)
 106 compressed objects within 2 object streams
 0 named destinations out of 1000 (max. 500000)
 91 words of extra memory for PDF output out of 10000 (max. 10000000)

