0 30000
20 30000
40 30000
60 30000
80 30000
100 30000
120 30000
140 30000
160 30000
180 30000
200 30000
220 30000
240 30000
260 30000
280 30000
300 30000
320 30000
340 30000
360 30000
380 30000
400 30000
420 30000
440 30000
460 30000
480 30000
500 30000
520 30000
540 30000
560 30000
580 30000
600 30000
620 30000
640 30000
660 30000
680 30000
700 30000
720 30000
740 30000
760 30000
780 30000
800 30000
820 30000
840 30000
860 30000
880 30000
900 30000
920 30000
940 30000
960 30000
980 30000
1000 30000
1020 30000
1040 30000
1060 30000
1080 30000
1100 30000
1120 30000
1140 30000
1160 30000
1180 30000
1200 30000
1220 30000
1240 30000
1260 30000
1280 30000
1300 30000
1320 30000
1340 30000
1360 30000
1380 30000
1400 30000
1420 30000
1440 30000
1460 30000
1480 30000
1500 30000
1520 30000
1540 30000
1560 30000
1580 30000
1600 30000
1620 30000
1640 30000
1660 30000
1680 30000
1700 30000
1720 30000
1740 30000
1760 30000
1780 30000
1800 30000
1820 30000
1840 30000
1860 30000
1880 30000
1900 30000
1920 30000
1940 30000
1960 30000
1980 30000
2000 30000
2020 30000
2040 30000
2060 30000
2080 30000
2100 30000
2120 30000
2140 30000
2160 30000
2180 30000
2200 30000
2220 30000
2240 30000
2260 30000
2280 30000
2300 30000
2320 30000
2340 30000
2360 30000
2380 30000
2400 30000
2420 30000
2440 30000
2460 30000
2480 30000
2500 30000
2520 30000
2540 30000
2560 30000
2580 30000
2600 30000
2620 30000
2640 30000
2660 30000
2680 30000
2700 30000
2720 30000
2740 30000
2760 30000
2780 30000
2800 30000
2820 30000
2840 30000
2860 30000
2880 30000
2900 30000
2920 30000
2940 30000
2960 30000
2980 30000
3000 30000
3020 30000
3040 30000
3060 30000
3080 30000
3100 30000
3120 30000
3140 30000
3160 30000
3180 30000
3200 30000
3220 30000
3240 30000
3260 30000
3280 30000
3300 30000
3320 30000
3340 30000
3360 30000
3380 30000
3400 30000
3420 30000
3440 30000
3460 30000
3480 30000
3500 30000
3520 30000
3540 30000
3560 30000
3580 30000
3600 30000
3620 30000
3640 30000
3660 30000
3680 30000
3700 30000
3720 30000
3740 30000
3760 30000
3780 30000
3800 30000
3820 30000
3840 30000
3860 30000
3880 30000
3900 30000
3920 30000
3940 30000
3960 30000
3980 30000
4000 30000
4020 30000
4040 30000
4060 30000
4080 30000
4100 30000
4120 30000
4140 30000
4160 30000
4180 30000
4200 30000
4220 30000
4240 30000
4260 30000
4280 30000
4300 30000
4320 30000
4340 30000
4360 30000
4380 30000
4400 30000
4420 30000
4440 30000
4460 30000
4480 30000
4500 30000
4520 30000
4540 30000
4560 30000
4580 30000
4600 30000
4620 30000
4640 30000
4660 30000
4680 30000
4700 30000
4720 30000
4740 30000
4760 30000
4780 30000
4800 30000
4820 30000
4840 30000
4860 30000
4880 30000
4900 30000
4920 30000
4940 30000
4960 30000
4980 30000
5000 30000
5020 30000
5040 30000
5060 30000
5080 30000
5100 30000
5120 30000
5140 30000
5160 30000
5180 30000
5200 30000
5220 30000
5240 30000
5260 30000
5280 30000
5300 30000
5320 30000
5340 30000
5360 30000
5380 30000
5400 30000
5420 30000
5440 30000
5460 30000
5480 30000
5500 30000
5520 30000
5540 30000
5560 30000
5580 30000
5600 30000
5620 30000
5640 30000
5660 30000
5680 30000
5700 30000
5720 30000
5740 30000
5760 30000
5780 30000
5800 30000
5820 30000
5840 30000
5860 30000
5880 30000
5900 30000
5920 30000
5940 30000
5960 30000
5980 30000
6000 30000
6020 30000
6040 30000
6060 30000
6080 30000
6100 30000
6120 30000
6140 30000
6160 30000
6180 30000
6200 30000
6220 30000
6240 30000
6260 30000
6280 30000
6300 30000
6320 30000
6340 30000
6360 30000
6380 30000
6400 30000
6420 30000
6440 30000
6460 30000
6480 30000
6500 30000
6520 30000
6540 30000
6560 30000
6580 30000
6600 30000
6620 30000
6640 30000
6660 30000
6680 30000
6700 30000
6720 30000
6740 30000
6760 30000
6780 30000
6800 30000
6820 30000
6840 30000
6860 30000
6880 30000
6900 30000
6920 30000
6940 30000
6960 30000
6980 30000
7000 30000
7020 30000
7040 30000
7060 30000
7080 30000
7100 30000
7120 30000
7140 30000
7160 30000
7180 30000
7200 30000
7220 30000
7240 30000
7260 30000
7280 30000
7300 30000
7320 30000
7340 30000
7360 30000
7380 30000
7400 30000
7420 30000
7440 30000
7460 30000
7480 30000
7500 30000
7520 30000
7540 30000
7560 30000
7580 30000
7600 30000
7620 30000
7640 30000
7660 30000
7680 30000
7700 30000
7720 30000
7740 30000
7760 30000
7780 30000
7800 30000
7820 30000
7840 30000
7860 30000
7880 30000
7900 30000
7920 30000
7940 30000
7960 30000
7980 30000
8000 30000
8020 30000
8040 30000
8060 30000
8080 30000
8100 30000
8120 30000
8140 30000
8160 30000
8180 30000
8200 30000
8220 30000
8240 30000
8260 30000
8280 30000
8300 30000
8320 30000
8340 30000
8360 30000
8380 30000
8400 30000
8420 30000
8440 30000
8460 30000
8480 30000
8500 30000
8520 30000
8540 30000
8560 30000
8580 30000
8600 30000
8620 30000
8640 30000
8660 30000
8680 30000
8700 30000
8720 30000
8740 30000
8760 30000
8780 30000
8800 30000
8820 30000
8840 30000
8860 30000
8880 30000
8900 30000
8920 30000
8940 30000
8960 30000
8980 30000
9000 30000
9020 30000
9040 30000
9060 30000
9080 30000
9100 30000
9120 30000
9140 30000
9160 30000
9180 30000
9200 30000
9220 30000
9240 30000
9260 30000
9280 30000
9300 30000
9320 30000
9340 30000
9360 30000
9380 30000
9400 30000
9420 30000
9440 30000
9460 30000
9480 30000
9500 30000
9520 30000
9540 30000
9560 30000
9580 30000
9600 30000
9620 30000
9640 30000
9660 30000
9680 30000
9700 30000
9720 30000
9740 30000
9760 30000
9780 30000
9800 30000
9820 30000
9840 30000
9860 30000
9880 30000
9900 30000
9920 30000
9940 30000
9960 30000
9980 30000
10000 30000
10020 30000
10040 30000
10060 30000
10080 30000
10100 30000
10120 30000
10140 30000
10160 30000
10180 30000
10200 30000
10220 30000
10240 30000
10260 30000
10280 30000
10300 30000
10320 30000
10340 30000
10360 30000
10380 30000
10400 30000
10420 30000
10440 30000
10460 30000
10480 30000
10500 30000
10520 30000
10540 30000
10560 30000
10580 30000
10600 30000
10620 30000
10640 30000
10660 30000
10680 30000
10700 30000
10720 30000
10740 30000
10760 30000
10780 30000
10800 30000
10820 30000
10840 30000
10860 30000
10880 30000
10900 30000
10920 30000
10940 30000
10960 30000
10980 30000
11000 30000
11020 30000
11040 30000
11060 30000
11080 30000
11100 30000
11120 30000
11140 30000
11160 30000
11180 30000
11200 30000
11220 30000
11240 30000
11260 30000
11280 30000
11300 30000
11320 30000
11340 30000
11360 30000
11380 30000
11400 30000
11420 30000
11440 30000
11460 30000
11480 30000
11500 30000
11520 30000
11540 30000
11560 30000
11580 30000
11600 30000
11620 30000
11640 30000
11660 30000
11680 30000
11700 30000
11720 30000
11740 30000
11760 30000
11780 30000
11800 30000
11820 30000
11840 30000
11860 30000
11880 30000
11900 30000
11920 30000
11940 30000
11960 30000
11980 30000
12000 30000
12020 30000
12040 30000
12060 30000
12080 30000
12100 30000
12120 30000
12140 30000
12160 30000
12180 30000
12200 30000
12220 30000
12240 30000
12260 30000
12280 30000
12300 30000
12320 30000
12340 30000
12360 30000
12380 30000
12400 30000
12420 30000
12440 30000
12460 30000
12480 30000
12500 30000
12520 30000
12540 30000
12560 30000
12580 30000
12600 30000
12620 30000
12640 30000
12660 30000
12680 30000
12700 30000
12720 30000
12740 30000
12760 30000
12780 30000
12800 30000
12820 30000
12840 30000
12860 30000
12880 30000
12900 30000
12920 30000
12940 30000
12960 30000
12980 30000
13000 30000
13020 30000
13040 30000
13060 30000
13080 30000
13100 30000
13120 30000
13140 30000
13160 30000
13180 30000
13200 30000
13220 30000
13240 30000
13260 30000
13280 30000
13300 30000
13320 30000
13340 30000
13360 30000
13380 30000
13400 30000
13420 30000
13440 30000
13460 30000
13480 30000
13500 30000
13520 30000
13540 30000
13560 30000
13580 30000
13600 30000
13620 30000
13640 30000
13660 30000
13680 30000
13700 30000
13720 30000
13740 30000
13760 30000
13780 30000
13800 30000
13820 30000
13840 30000
13860 30000
13880 30000
13900 30000
13920 30000
13940 30000
13960 30000
13980 30000
14000 30000
14020 30000
14040 30000
14060 30000
14080 30000
14100 30000
14120 30000
14140 30000
14160 30000
14180 30000
14200 30000
14220 30000
14240 30000
14260 30000
14280 30000
14300 30000
14320 30000
14340 30000
14360 30000
14380 30000
14400 30000
14420 30000
14440 30000
14460 30000
14480 30000
14500 30000
14520 30000
14540 30000
14560 30000
14580 30000
14600 30000
14620 30000
14640 30000
14660 30000
14680 30000
14700 30000
14720 30000
14740 30000
14760 30000
14780 30000
14800 30000
14820 30000
14840 30000
14860 30000
14880 30000
14900 30000
14920 30000
14940 30000
14960 30000
14980 30000
15000 30000
15020 30000
15040 30000
15060 30000
15080 30000
15100 30000
15120 30000
15140 30000
15160 30000
15180 30000
15200 30000
15220 30000
15240 30000
15260 30000
15280 30000
15300 30000
15320 30000
15340 30000
15360 30000
15380 30000
15400 30000
15420 30000
15440 30000
15460 30000
15480 30000
15500 30000
15520 30000
15540 30000
15560 30000
15580 30000
15600 30000
15620 30000
15640 30000
15660 30000
15680 30000
15700 30000
15720 30000
15740 30000
15760 30000
15780 30000
15800 30000
15820 30000
15840 30000
15860 30000
15880 30000
15900 30000
15920 30000
15940 30000
15960 30000
15980 30000
16000 30000
16020 30000
16040 30000
16060 30000
16080 30000
16100 30000
16120 30000
16140 30000
16160 30000
16180 30000
16200 30000
16220 30000
16240 30000
16260 30000
16280 30000
16300 30000
16320 30000
16340 30000
16360 30000
16380 30000
16400 30000
16420 30000
16440 30000
16460 30000
16480 30000
16500 30000
16520 30000
16540 30000
16560 30000
16580 30000
16600 30000
16620 30000
16640 30000
16660 30000
16680 30000
16700 30000
16720 30000
16740 30000
16760 30000
16780 30000
16800 30000
16820 30000
16840 30000
16860 30000
16880 30000
16900 30000
16920 30000
16940 30000
16960 30000
16980 30000
17000 30000
17020 30000
17040 30000
17060 30000
17080 30000
17100 30000
17120 30000
17140 30000
17160 30000
17180 30000
17200 30000
17220 30000
17240 30000
17260 30000
17280 30000
17300 30000
17320 30000
17340 30000
17360 30000
17380 30000
17400 30000
17420 30000
17440 30000
17460 30000
17480 30000
17500 30000
17520 30000
17540 30000
17560 30000
17580 30000
17600 30000
17620 30000
17640 30000
17660 30000
17680 30000
17700 30000
17720 30000
17740 30000
17760 30000
17780 30000
17800 30000
17820 30000
17840 30000
17860 30000
17880 30000
17900 30000
17920 30000
17940 30000
17960 30000
17980 30000
18000 30000
18020 30000
18040 30000
18060 30000
18080 30000
18100 30000
18120 30000
18140 30000
18160 30000
18180 30000
18200 30000
18220 30000
18240 30000
18260 30000
18280 30000
18300 30000
18320 30000
18340 30000
18360 30000
18380 30000
18400 30000
18420 30000
18440 30000
18460 30000
18480 30000
18500 30000
18520 30000
18540 30000
18560 30000
18580 30000
18600 30000
18620 30000
18640 30000
18660 30000
18680 30000
18700 30000
18720 30000
18740 30000
18760 30000
18780 30000
18800 30000
18820 30000
18840 30000
18860 30000
18880 30000
18900 30000
18920 30000
18940 30000
18960 30000
18980 30000
19000 30000
19020 30000
19040 30000
19060 30000
19080 30000
19100 30000
19120 30000
19140 30000
19160 30000
19180 30000
19200 30000
19220 30000
19240 30000
19260 30000
19280 30000
19300 30000
19320 30000
19340 30000
19360 30000
19380 30000
19400 30000
19420 30000
19440 30000
19460 30000
19480 30000
19500 30000
19520 30000
19540 30000
19560 30000
19580 30000
19600 30000
19620 30000
19640 30000
19660 30000
19680 30000
19700 30000
19720 30000
19740 30000
19760 30000
19780 30000
19800 30000
19820 30000
19840 30000
19860 30000
19880 30000
19900 30000
19920 30000
19940 30000
19960 30000
19980 30000
20000 30000
20020 30000
20040 30000
20060 30000
20080 30000
20100 30000
20120 30000
20140 30000
20160 30000
20180 30000
20200 30000
20220 30000
20240 30000
20260 30000
20280 30000
20300 30000
20320 30000
20340 30000
20360 30000
20380 30000
20400 30000
20420 30000
20440 30000
20460 30000
20480 30000
20500 30000
20520 30000
20540 30000
20560 30000
20580 30000
20600 30000
20620 30000
20640 30000
20660 30000
20680 30000
20700 30000
20720 30000
20740 30000
20760 30000
20780 30000
20800 30000
20820 30000
20840 30000
20860 30000
20880 30000
20900 30000
20920 30000
20940 30000
20960 30000
20980 30000
21000 30000
21020 30000
21040 30000
21060 30000
21080 30000
21100 30000
21120 30000
21140 30000
21160 30000
21180 30000
21200 30000
21220 30000
21240 30000
21260 30000
21280 30000
21300 30000
21320 30000
21340 30000
21360 30000
21380 30000
21400 30000
21420 30000
21440 30000
21460 30000
21480 30000
21500 30000
21520 30000
21540 30000
21560 30000
21580 30000
21600 30000
21620 30000
21640 30000
21660 30000
21680 30000
21700 30000
21720 30000
21740 30000
21760 30000
21780 30000
21800 30000
21820 30000
21840 30000
21860 30000
21880 30000
21900 30000
21920 30000
21940 30000
21960 30000
21980 30000
22000 30000
22020 30000
22040 30000
22060 30000
22080 30000
22100 30000
22120 30000
22140 30000
22160 30000
22180 30000
22200 30000
22220 30000
22240 30000
22260 30000
22280 30000
22300 30000
22320 30000
22340 30000
22360 30000
22380 30000
22400 30000
22420 30000
22440 30000
22460 30000
22480 30000
22500 30000
22520 30000
22540 30000
22560 30000
22580 30000
22600 30000
22620 30000
22640 30000
22660 30000
22680 30000
22700 30000
22720 30000
22740 30000
22760 30000
22780 30000
22800 30000
22820 30000
22840 30000
22860 30000
22880 30000
22900 30000
22920 30000
22940 30000
22960 30000
22980 30000
23000 30000
23020 30000
23040 30000
23060 30000
23080 30000
23100 30000
23120 30000
23140 30000
23160 30000
23180 30000
23200 30000
23220 30000
23240 30000
23260 30000
23280 30000
23300 30000
23320 30000
23340 30000
23360 30000
23380 30000
23400 30000
23420 30000
23440 30000
23460 30000
23480 30000
23500 30000
23520 30000
23540 30000
23560 30000
23580 30000
23600 30000
23620 30000
23640 30000
23660 30000
23680 30000
23700 30000
23720 30000
23740 30000
23760 30000
23780 30000
23800 30000
23820 30000
23840 30000
23860 30000
23880 30000
23900 30000
23920 30000
23940 30000
23960 30000
23980 30000
24000 30000
24020 30000
24040 30000
24060 30000
24080 30000
24100 30000
24120 30000
24140 30000
24160 30000
24180 30000
24200 30000
24220 30000
24240 30000
24260 30000
24280 30000
24300 30000
24320 30000
24340 30000
24360 30000
24380 30000
24400 30000
24420 30000
24440 30000
24460 30000
24480 30000
24500 30000
24520 30000
24540 30000
24560 30000
24580 30000
24600 30000
24620 30000
24640 30000
24660 30000
24680 30000
24700 30000
24720 30000
24740 30000
24760 30000
24780 30000
24800 30000
24820 30000
24840 30000
24860 30000
24880 30000
24900 30000
24920 30000
24940 30000
24960 30000
24980 30000
25000 30000
25020 30000
25040 30000
25060 30000
25080 30000
25100 30000
25120 30000
25140 30000
25160 30000
25180 30000
25200 30000
25220 30000
25240 30000
25260 30000
25280 30000
25300 30000
25320 30000
25340 30000
25360 30000
25380 30000
25400 30000
25420 30000
25440 30000
25460 30000
25480 30000
25500 30000
25520 30000
25540 30000
25560 30000
25580 30000
25600 30000
25620 30000
25640 30000
25660 30000
25680 30000
25700 30000
25720 30000
25740 30000
25760 30000
25780 30000
25800 30000
25820 30000
25840 30000
25860 30000
25880 30000
25900 30000
25920 30000
25940 30000
25960 30000
25980 30000
26000 30000
26020 30000
26040 30000
26060 30000
26080 30000
26100 30000
26120 30000
26140 30000
26160 30000
26180 30000
26200 30000
26220 30000
26240 30000
26260 30000
26280 30000
26300 30000
26320 30000
26340 30000
26360 30000
26380 30000
26400 30000
26420 30000
26440 30000
26460 30000
26480 30000
26500 30000
26520 30000
26540 30000
26560 30000
26580 30000
26600 30000
26620 30000
26640 30000
26660 30000
26680 30000
26700 30000
26720 30000
26740 30000
26760 30000
26780 30000
26800 30000
26820 30000
26840 30000
26860 30000
26880 30000
26900 30000
26920 30000
26940 30000
26960 30000
26980 30000
27000 30000
27020 30000
27040 30000
27060 30000
27080 30000
27100 30000
27120 30000
27140 30000
27160 30000
27180 30000
27200 30000
27220 30000
27240 30000
27260 30000
27280 30000
27300 30000
27320 30000
27340 30000
27360 30000
27380 30000
27400 30000
27420 30000
27440 30000
27460 30000
27480 30000
27500 30000
27520 30000
27540 30000
27560 30000
27580 30000
27600 30000
27620 30000
27640 30000
27660 30000
27680 30000
27700 30000
27720 30000
27740 30000
27760 30000
27780 30000
27800 30000
27820 30000
27840 30000
27860 30000
27880 30000
27900 30000
27920 30000
27940 30000
27960 30000
27980 30000
28000 30000
28020 30000
28040 30000
28060 30000
28080 30000
28100 30000
28120 30000
28140 30000
28160 30000
28180 30000
28200 30000
28220 30000
28240 30000
28260 30000
28280 30000
28300 30000
28320 30000
28340 30000
28360 30000
28380 30000
28400 30000
28420 30000
28440 30000
28460 30000
28480 30000
28500 30000
28520 30000
28540 30000
28560 30000
28580 30000
28600 30000
28620 30000
28640 30000
28660 30000
28680 30000
28700 30000
28720 30000
28740 30000
28760 30000
28780 30000
28800 30000
28820 30000
28840 30000
28860 30000
28880 30000
28900 30000
28920 30000
28940 30000
28960 30000
28980 30000
29000 30000
29020 30000
29040 30000
29060 30000
29080 30000
29100 30000
29120 30000
29140 30000
29160 30000
29180 30000
29200 30000
29220 30000
29240 30000
29260 30000
29280 30000
29300 30000
29320 30000
29340 30000
29360 30000
29380 30000
29400 30000
29420 30000
29440 30000
29460 30000
29480 30000
29500 30000
29520 30000
29540 30000
29560 30000
29580 30000
29600 30000
29620 30000
29640 30000
29660 30000
29680 30000
29700 30000
29720 30000
29740 30000
29760 30000
29780 30000
29800 30000
29820 30000
29840 30000
29860 30000
29880 30000
29900 30000
29920 30000
29940 30000
29960 30000
29980 30000
30000 30000
30020 30000
30040 30000
30060 30000
30080 30000
30100 30000
30120 30000
30140 30000
30160 30000
30180 30000
30200 30000
30220 30000
30240 30000
30260 30000
30280 30000
30300 30000
30320 30000
30340 30000
30360 30000
30380 30000
30400 30000
30420 30000
30440 30000
30460 30000
30480 30000
30500 30000
30520 30000
30540 30000
30560 30000
30580 30000
30600 30000
30620 30000
30640 30000
30660 30000
30680 30000
30700 30000
30720 30000
30740 30000
30760 30000
30780 30000
30800 30000
30820 30000
30840 30000
30860 30000
30880 30000
30900 30000
30920 30000
30940 30000
30960 30000
30980 30000
31000 30000
31020 30000
31040 30000
31060 30000
31080 30000
31100 30000
31120 30000
31140 30000
31160 30000
31180 30000
31200 30000
31220 30000
31240 30000
31260 30000
31280 30000
31300 30000
31320 30000
31340 30000
31360 30000
31380 30000
31400 30000
31420 30000
31440 30000
31460 30000
31480 30000
31500 30000
31520 30000
31540 30000
31560 30000
31580 30000
31600 30000
31620 30000
31640 30000
31660 30000
31680 30000
31700 30000
31720 30000
31740 30000
31760 30000
31780 30000
31800 30000
31820 30000
31840 30000
31860 30000
31880 30000
31900 30000
31920 30000
31940 30000
31960 30000
31980 30000
32000 30000
32020 30000
32040 30000
32060 30000
32080 30000
32100 30000
32120 30000
32140 30000
32160 30000
32180 30000
32200 30000
32220 30000
32240 30000
32260 30000
32280 30000
32300 30000
32320 30000
32340 30000
32360 30000
32380 30000
32400 30000
32420 30000
32440 30000
32460 30000
32480 30000
32500 30000
32520 30000
32540 30000
32560 30000
32580 30000
32600 30000
32620 30000
32640 30000
32660 30000
32680 30000
32700 30000
32720 30000
32740 30000
32760 30000
32780 30000
32800 30000
32820 30000
32840 30000
32860 30000
32880 30000
32900 30000
32920 30000
32940 30000
32960 30000
32980 30000
33000 30000
33020 30000
33040 30000
33060 30000
33080 30000
33100 30000
33120 30000
33140 30000
33160 30000
33180 30000
33200 30000
33220 30000
33240 30000
33260 30000
33280 30000
33300 30000
33320 30000
33340 30000
33360 30000
33380 30000
33400 30000
33420 30000
33440 30000
33460 30000
33480 30000
33500 30000
33520 30000
33540 30000
33560 30000
33580 30000
33600 30000
33620 30000
33640 30000
33660 30000
33680 30000
33700 30000
33720 30000
33740 30000
33760 30000
33780 30000
33800 30000
33820 30000
33840 30000
33860 30000
33880 30000
33900 30000
33920 30000
33940 30000
33960 30000
33980 30000
34000 30000
34020 30000
34040 30000
34060 30000
34080 30000
34100 30000
34120 30000
34140 30000
34160 30000
34180 30000
34200 30000
34220 30000
34240 30000
34260 30000
34280 30000
34300 30000
34320 30000
34340 30000
34360 30000
34380 30000
34400 30000
34420 30000
34440 30000
34460 30000
34480 30000
34500 30000
34520 30000
34540 30000
34560 30000
34580 30000
34600 30000
34620 30000
34640 30000
34660 30000
34680 30000
34700 30000
34720 30000
34740 30000
34760 30000
34780 30000
34800 30000
34820 30000
34840 30000
34860 30000
34880 30000
34900 30000
34920 30000
34940 30000
34960 30000
34980 30000
35000 30000
35020 30000
35040 30000
35060 30000
35080 30000
35100 30000
35120 30000
35140 30000
35160 30000
35180 30000
35200 30000
35220 30000
35240 30000
35260 30000
35280 30000
35300 30000
35320 30000
35340 30000
35360 30000
35380 30000
35400 30000
35420 30000
35440 30000
35460 30000
35480 30000
35500 30000
35520 30000
35540 30000
35560 30000
35580 30000
35600 30000
35620 30000
35640 30000
35660 30000
35680 30000
35700 30000
35720 30000
35740 30000
35760 30000
35780 30000
35800 30000
35820 30000
35840 30000
35860 30000
35880 30000
35900 30000
35920 30000
35940 30000
35960 30000
35980 30000
36000 30000
36020 30000
36040 30000
36060 30000
36080 30000
36100 30000
36120 30000
36140 30000
36160 30000
36180 30000
36200 30000
36220 30000
36240 30000
36260 30000
36280 30000
36300 30000
36320 30000
36340 30000
36360 30000
36380 30000
36400 30000
36420 30000
36440 30000
36460 30000
36480 30000
36500 30000
36520 30000
36540 30000
36560 30000
36580 30000
36600 30000
36620 30000
36640 30000
36660 30000
36680 30000
36700 30000
36720 30000
36740 30000
36760 30000
36780 30000
36800 30000
36820 30000
36840 30000
36860 30000
36880 30000
36900 30000
36920 30000
36940 30000
36960 30000
36980 30000
37000 30000
37020 30000
37040 30000
37060 30000
37080 30000
37100 30000
37120 30000
37140 30000
37160 30000
37180 30000
37200 30000
37220 30000
37240 30000
37260 30000
37280 30000
37300 30000
37320 30000
37340 30000
37360 30000
37380 30000
37400 30000
37420 30000
37440 30000
37460 30000
37480 30000
37500 30000
37520 30000
37540 30000
37560 30000
37580 30000
37600 30000
37620 30000
37640 30000
37660 30000
37680 30000
37700 30000
37720 30000
37740 30000
37760 30000
37780 30000
37800 30000
37820 30000
37840 30000
37860 30000
37880 30000
37900 30000
37920 30000
37940 30000
37960 30000
37980 30000
38000 30000
38020 30000
38040 30000
38060 30000
38080 30000
38100 30000
38120 30000
38140 30000
38160 30000
38180 30000
38200 30000
38220 30000
38240 30000
38260 30000
38280 30000
38300 30000
38320 30000
38340 30000
38360 30000
38380 30000
38400 30000
38420 30000
38440 30000
38460 30000
38480 30000
38500 30000
38520 30000
38540 30000
38560 30000
38580 30000
38600 30000
38620 30000
38640 30000
38660 30000
38680 30000
38700 30000
38720 30000
38740 30000
38760 30000
38780 30000
38800 30000
38820 30000
38840 30000
38860 30000
38880 30000
38900 30000
38920 30000
38940 30000
38960 30000
38980 30000
39000 30000
39020 30000
39040 30000
39060 30000
39080 30000
39100 30000
39120 30000
39140 30000
39160 30000
39180 30000
39200 30000
39220 30000
39240 30000
39260 30000
39280 30000
39300 30000
39320 30000
39340 30000
39360 30000
39380 30000
39400 30000
39420 30000
39440 30000
39460 30000
39480 30000
39500 30000
39520 30000
39540 30000
39560 30000
39580 30000
39600 30000
39620 30000
39640 30000
39660 30000
39680 30000
39700 30000
39720 30000
39740 30000
39760 30000
39780 30000
39800 30000
39820 30000
39840 30000
39860 30000
39880 30000
39900 30000
39920 30000
39940 30000
39960 30000
39980 30000
40000 30000
40020 30000
40040 30000
40060 30000
40080 30000
40100 30000
40120 30000
40140 30000
40160 30000
40180 30000
40200 30000
40220 30000
40240 30000
40260 30000
40280 30000
40300 30000
40320 30000
40340 30000
40360 30000
40380 30000
40400 30000
40420 30000
40440 30000
40460 30000
40480 30000
40500 30000
40520 30000
40540 30000
40560 30000
40580 30000
40600 30000
40620 30000
40640 30000
40660 30000
40680 30000
40700 30000
40720 30000
40740 30000
40760 30000
40780 30000
40800 30000
40820 30000
40840 30000
40860 30000
40880 30000
40900 30000
40920 30000
40940 30000
40960 30000
40980 30000
41000 30000
41020 30000
41040 30000
41060 30000
41080 30000
41100 30000
41120 30000
41140 30000
41160 30000
41180 30000
41200 30000
41220 30000
41240 30000
41260 30000
41280 30000
41300 30000
41320 30000
41340 30000
41360 30000
41380 30000
41400 30000
41420 30000
41440 30000
41460 30000
41480 30000
41500 30000
41520 30000
41540 30000
41560 30000
41580 30000
41600 30000
41620 30000
41640 30000
41660 30000
41680 30000
41700 30000
41720 30000
41740 30000
41760 30000
41780 30000
41800 30000
41820 30000
41840 30000
41860 30000
41880 30000
41900 30000
41920 30000
41940 30000
41960 30000
41980 30000
42000 30000
42020 30000
42040 30000
42060 30000
42080 30000
42100 30000
42120 30000
42140 30000
42160 30000
42180 30000
42200 30000
42220 30000
42240 30000
42260 30000
42280 30000
42300 30000
42320 30000
42340 30000
42360 30000
42380 30000
42400 30000
42420 30000
42440 30000
42460 30000
42480 30000
42500 30000
42520 30000
42540 30000
42560 30000
42580 30000
42600 30000
42620 30000
42640 30000
42660 30000
42680 30000
42700 30000
42720 30000
42740 30000
42760 30000
42780 30000
42800 30000
42820 30000
42840 30000
42860 30000
42880 30000
42900 30000
42920 30000
42940 30000
42960 30000
42980 30000
43000 30000
43020 30000
43040 30000
43060 30000
43080 30000
43100 30000
43120 30000
43140 30000
43160 30000
43180 30000
43200 30000
43220 30000
43240 30000
43260 30000
43280 30000
43300 30000
43320 30000
43340 30000
43360 30000
43380 30000
43400 30000
43420 30000
43440 30000
43460 30000
43480 30000
43500 30000
43520 30000
43540 30000
43560 30000
43580 30000
43600 30000
43620 30000
43640 30000
43660 30000
43680 30000
43700 30000
43720 30000
43740 30000
43760 30000
43780 30000
43800 30000
43820 30000
43840 30000
43860 30000
43880 30000
43900 30000
43920 30000
43940 30000
43960 30000
43980 30000
44000 30000
44020 30000
44040 30000
44060 30000
44080 30000
44100 30000
44120 30000
44140 30000
44160 30000
44180 30000
44200 30000
44220 30000
44240 30000
44260 30000
44280 30000
44300 30000
44320 30000
44340 30000
44360 30000
44380 30000
44400 30000
44420 30000
44440 30000
44460 30000
44480 30000
44500 30000
44520 30000
44540 30000
44560 30000
44580 30000
44600 30000
44620 30000
44640 30000
44660 30000
44680 30000
44700 30000
44720 30000
44740 30000
44760 30000
44780 30000
44800 30000
44820 30000
44840 30000
44860 30000
44880 30000
44900 30000
44920 30000
44940 30000
44960 30000
44980 30000
45000 30000
45020 30000
45040 30000
45060 30000
45080 30000
45100 30000
45120 30000
45140 30000
45160 30000
45180 30000
45200 30000
45220 30000
45240 30000
45260 30000
45280 30000
45300 30000
45320 30000
45340 30000
45360 30000
45380 30000
45400 30000
45420 30000
45440 30000
45460 30000
45480 30000
45500 30000
45520 30000
45540 30000
45560 30000
45580 30000
45600 30000
45620 30000
45640 30000
45660 30000
45680 30000
45700 30000
45720 30000
45740 30000
45760 30000
45780 30000
45800 30000
45820 30000
45840 30000
45860 30000
45880 30000
45900 30000
45920 30000
45940 30000
45960 30000
45980 30000
46000 30000
46020 30000
46040 30000
46060 30000
46080 30000
46100 30000
46120 30000
46140 30000
46160 30000
46180 30000
46200 30000
46220 30000
46240 30000
46260 30000
46280 30000
46300 30000
46320 30000
46340 30000
46360 30000
46380 30000
46400 30000
46420 30000
46440 30000
46460 30000
46480 30000
46500 30000
46520 30000
46540 30000
46560 30000
46580 30000
46600 30000
46620 30000
46640 30000
46660 30000
46680 30000
46700 30000
46720 30000
46740 30000
46760 30000
46780 30000
46800 30000
46820 30000
46840 30000
46860 30000
46880 30000
46900 30000
46920 30000
46940 30000
46960 30000
46980 30000
47000 30000
47020 30000
47040 30000
47060 30000
47080 30000
47100 30000
47120 30000
47140 30000
47160 30000
47180 30000
47200 30000
47220 30000
47240 30000
47260 30000
47280 30000
47300 30000
47320 30000
47340 30000
47360 30000
47380 30000
47400 30000
47420 30000
47440 30000
47460 30000
47480 30000
47500 30000
47520 30000
47540 30000
47560 30000
47580 30000
47600 30000
47620 30000
47640 30000
47660 30000
47680 30000
47700 30000
47720 30000
47740 30000
47760 30000
47780 30000
47800 30000
47820 30000
47840 30000
47860 30000
47880 30000
47900 30000
47920 30000
47940 30000
47960 30000
47980 30000
48000 30000
48020 30000
48040 30000
48060 30000
48080 30000
48100 30000
48120 30000
48140 30000
48160 30000
48180 30000
48200 30000
48220 30000
48240 30000
48260 30000
48280 30000
48300 30000
48320 30000
48340 30000
48360 30000
48380 30000
48400 30000
48420 30000
48440 30000
48460 30000
48480 30000
48500 30000
48520 30000
48540 30000
48560 30000
48580 30000
48600 30000
48620 30000
48640 30000
48660 30000
48680 30000
48700 30000
48720 30000
48740 30000
48760 30000
48780 30000
48800 30000
48820 30000
48840 30000
48860 30000
48880 30000
48900 30000
48920 30000
48940 30000
48960 30000
48980 30000
49000 30000
49020 30000
49040 30000
49060 30000
49080 30000
49100 30000
49120 30000
49140 30000
49160 30000
49180 30000
49200 30000
49220 30000
49240 30000
49260 30000
49280 30000
49300 30000
49320 30000
49340 30000
49360 30000
49380 30000
49400 30000
49420 30000
49440 30000
49460 30000
49480 30000
49500 30000
49520 30000
49540 30000
49560 30000
49580 30000
49600 30000
49620 30000
49640 30000
49660 30000
49680 30000
49700 30000
49720 30000
49740 30000
49760 30000
49780 30000
49800 30000
49820 30000
49840 30000
49860 30000
49880 30000
49900 30000
49920 30000
49940 30000
49960 30000
49980 30000
50000 30000
50020 30000
50040 30000
50060 30000
50080 30000
50100 30000
50120 30000
50140 30000
50160 30000
50180 30000
50200 30000
50220 30000
50240 30000
50260 30000
50280 30000
50300 30000
50320 30000
50340 30000
50360 30000
50380 30000
50400 30000
50420 30000
50440 30000
50460 30000
50480 30000
50500 30000
50520 30000
50540 30000
50560 30000
50580 30000
50600 30000
50620 30000
50640 30000
50660 30000
50680 30000
50700 30000
50720 30000
50740 30000
50760 30000
50780 30000
50800 30000
50820 30000
50840 30000
50860 30000
50880 30000
50900 30000
50920 30000
50940 30000
50960 30000
50980 30000
51000 30000
51020 30000
51040 30000
51060 30000
51080 30000
51100 30000
51120 30000
51140 30000
51160 30000
51180 30000
51200 30000
51220 30000
51240 30000
51260 30000
51280 30000
51300 30000
51320 30000
51340 30000
51360 30000
51380 30000
51400 30000
51420 30000
51440 30000
51460 30000
51480 30000
51500 30000
51520 30000
51540 30000
51560 30000
51580 30000
51600 30000
51620 30000
51640 30000
51660 30000
51680 30000
51700 30000
51720 30000
51740 30000
51760 30000
51780 30000
51800 30000
51820 30000
51840 30000
51860 30000
51880 30000
51900 30000
51920 30000
51940 30000
51960 30000
51980 30000
52000 30000
52020 30000
52040 30000
52060 30000
52080 30000
52100 30000
52120 30000
52140 30000
52160 30000
52180 30000
52200 30000
52220 30000
52240 30000
52260 30000
52280 30000
52300 30000
52320 30000
52340 30000
52360 30000
52380 30000
52400 30000
52420 30000
52440 30000
52460 30000
52480 30000
52500 30000
52520 30000
52540 30000
52560 30000
52580 30000
52600 30000
52620 30000
52640 30000
52660 30000
52680 30000
52700 30000
52720 30000
52740 30000
52760 30000
52780 30000
52800 30000
52820 30000
52840 30000
52860 30000
52880 30000
52900 30000
52920 30000
52940 30000
52960 30000
52980 30000
53000 30000
53020 30000
53040 30000
53060 30000
53080 30000
53100 30000
53120 30000
53140 30000
53160 30000
53180 30000
53200 30000
53220 30000
53240 30000
53260 30000
53280 30000
53300 30000
53320 30000
53340 30000
53360 30000
53380 30000
53400 30000
53420 30000
53440 30000
53460 30000
53480 30000
53500 30000
53520 30000
53540 30000
53560 30000
53580 30000
53600 30000
53620 30000
53640 30000
53660 30000
53680 30000
53700 30000
53720 30000
53740 30000
53760 30000
53780 30000
53800 30000
53820 30000
53840 30000
53860 30000
53880 30000
53900 30000
53920 30000
53940 30000
53960 30000
53980 30000
54000 30000
54020 30000
54040 30000
54060 30000
54080 30000
54100 30000
54120 30000
54140 30000
54160 30000
54180 30000
54200 30000
54220 30000
54240 30000
54260 30000
54280 30000
54300 30000
54320 30000
54340 30000
54360 30000
54380 30000
54400 30000
54420 30000
54440 30000
54460 30000
54480 30000
54500 30000
54520 30000
54540 30000
54560 30000
54580 30000
54600 30000
54620 30000
54640 30000
54660 30000
54680 30000
54700 30000
54720 30000
54740 30000
54760 30000
54780 30000
54800 30000
54820 30000
54840 30000
54860 30000
54880 30000
54900 30000
54920 30000
54940 30000
54960 30000
54980 30000
55000 30000
55020 30000
55040 30000
55060 30000
55080 30000
55100 30000
55120 30000
55140 30000
55160 30000
55180 30000
55200 30000
55220 30000
55240 30000
55260 30000
55280 30000
55300 30000
55320 30000
55340 30000
55360 30000
55380 30000
55400 30000
55420 30000
55440 30000
55460 30000
55480 30000
55500 30000
55520 30000
55540 30000
55560 30000
55580 30000
55600 30000
55620 30000
55640 30000
55660 30000
55680 30000
55700 30000
55720 30000
55740 30000
55760 30000
55780 30000
55800 30000
55820 30000
55840 30000
55860 30000
55880 30000
55900 30000
55920 30000
55940 30000
55960 30000
55980 30000
56000 30000
56020 30000
56040 30000
56060 30000
56080 30000
56100 30000
56120 30000
56140 30000
56160 30000
56180 30000
56200 30000
56220 30000
56240 30000
56260 30000
56280 30000
56300 30000
56320 30000
56340 30000
56360 30000
56380 30000
56400 30000
56420 30000
56440 30000
56460 30000
56480 30000
56500 30000
56520 30000
56540 30000
56560 30000
56580 30000
56600 30000
56620 30000
56640 30000
56660 30000
56680 30000
56700 30000
56720 30000
56740 30000
56760 30000
56780 30000
56800 30000
56820 30000
56840 30000
56860 30000
56880 30000
56900 30000
56920 30000
56940 30000
56960 30000
56980 30000
57000 30000
57020 30000
57040 30000
57060 30000
57080 30000
57100 30000
57120 30000
57140 30000
57160 30000
57180 30000
57200 30000
57220 30000
57240 30000
57260 30000
57280 30000
57300 30000
57320 30000
57340 30000
57360 30000
57380 30000
57400 30000
57420 30000
57440 30000
57460 30000
57480 30000
57500 30000
57520 30000
57540 30000
57560 30000
57580 30000
57600 30000
57620 30000
57640 30000
57660 30000
57680 30000
57700 30000
57720 30000
57740 30000
57760 30000
57780 30000
57800 30000
57820 30000
57840 30000
57860 30000
57880 30000
57900 30000
57920 30000
57940 30000
57960 30000
57980 30000
58000 30000
58020 30000
58040 30000
58060 30000
58080 30000
58100 30000
58120 30000
58140 30000
58160 30000
58180 30000
58200 30000
58220 30000
58240 30000
58260 30000
58280 30000
58300 30000
58320 30000
58340 30000
58360 30000
58380 30000
58400 30000
58420 30000
58440 30000
58460 30000
58480 30000
58500 30000
58520 30000
58540 30000
58560 30000
58580 30000
58600 30000
58620 30000
58640 30000
58660 30000
58680 30000
58700 30000
58720 30000
58740 30000
58760 30000
58780 30000
58800 30000
58820 30000
58840 30000
58860 30000
58880 30000
58900 30000
58920 30000
58940 30000
58960 30000
58980 30000
59000 30000
59020 30000
59040 30000
59060 30000
59080 30000
59100 30000
59120 30000
59140 30000
59160 30000
59180 30000
59200 30000
59220 30000
59240 30000
59260 30000
59280 30000
59300 30000
59320 30000
59340 30000
59360 30000
59380 30000
59400 30000
59420 30000
59440 30000
59460 30000
59480 30000
59500 30000
59520 30000
59540 30000
59560 30000
59580 30000
59600 30000
59620 30000
59640 30000
59660 30000
59680 30000
59700 30000
59720 30000
59740 30000
59760 30000
59780 30000
59800 30000
59820 30000
59840 30000
59860 30000
59880 30000
59900 30000
59920 30000
59940 30000
59960 30000
59980 30000
