Connecting to host 127.0.0.1, port 5201
[  5] local 127.0.0.1 port 49362 connected to 127.0.0.1 port 5201
[ ID] Interval           Transfer     Bandwidth       Retr  Cwnd
[  5]   0.00-1.00   sec   296 MBytes  2.48 Gbits/sec    1    895 KBytes       
[  5]   1.00-2.00   sec   364 MBytes  3.05 Gbits/sec    9    895 KBytes       
[  5]   2.00-3.00   sec   421 MBytes  3.54 Gbits/sec    6    767 KBytes       
[  5]   3.00-4.00   sec   406 MBytes  3.40 Gbits/sec    3    895 KBytes       
[  5]   4.00-5.00   sec   352 MBytes  2.95 Gbits/sec    0    767 KBytes       
[  5]   5.00-6.00   sec   480 MBytes  4.03 Gbits/sec   19    895 KBytes       
[  5]   6.00-7.00   sec   465 MBytes  3.90 Gbits/sec   13    895 KBytes       
[  5]   7.00-8.00   sec   474 MBytes  3.98 Gbits/sec    9    895 KBytes       
[  5]   8.00-9.00   sec   476 MBytes  3.99 Gbits/sec    5   1023 KBytes       
[  5]   9.00-10.00  sec   420 MBytes  3.52 Gbits/sec    5    639 KBytes       
[  5]  10.00-11.00  sec   458 MBytes  3.84 Gbits/sec   12    895 KBytes       
[  5]  11.00-12.00  sec   420 MBytes  3.53 Gbits/sec   10    256 KBytes       
[  5]  12.00-13.00  sec   441 MBytes  3.70 Gbits/sec   12    639 KBytes       
[  5]  13.00-14.00  sec   425 MBytes  3.56 Gbits/sec    7    895 KBytes       
[  5]  14.00-15.00  sec   485 MBytes  4.06 Gbits/sec    5    639 KBytes       
[  5]  15.00-16.00  sec   412 MBytes  3.47 Gbits/sec    2   1023 KBytes       
[  5]  16.00-17.00  sec   419 MBytes  3.51 Gbits/sec    4   1023 KBytes       
[  5]  17.00-18.00  sec   405 MBytes  3.40 Gbits/sec    4    895 KBytes       
[  5]  18.00-19.00  sec   404 MBytes  3.39 Gbits/sec   18    895 KBytes       
[  5]  19.00-20.00  sec   369 MBytes  3.08 Gbits/sec    3    767 KBytes       
[  5]  20.00-21.00  sec   501 MBytes  4.21 Gbits/sec   30    895 KBytes       
[  5]  21.00-22.00  sec   292 MBytes  2.46 Gbits/sec    3    895 KBytes       
[  5]  22.00-23.00  sec   299 MBytes  2.50 Gbits/sec   11    895 KBytes       
[  5]  23.00-24.00  sec   235 MBytes  1.97 Gbits/sec    1    895 KBytes       
[  5]  24.00-25.00  sec   290 MBytes  2.42 Gbits/sec    6    767 KBytes       
[  5]  25.00-26.00  sec   336 MBytes  2.83 Gbits/sec    7    895 KBytes       
[  5]  26.00-27.00  sec   352 MBytes  2.95 Gbits/sec    4    895 KBytes       
[  5]  27.00-28.00  sec   422 MBytes  3.55 Gbits/sec    5    895 KBytes       
[  5]  28.00-29.01  sec   372 MBytes  3.11 Gbits/sec    5    895 KBytes       
[  5]  29.01-30.00  sec   391 MBytes  3.30 Gbits/sec    6    895 KBytes       
[  5]  30.00-31.04  sec   358 MBytes  2.87 Gbits/sec   12    767 KBytes       
[  5]  31.04-32.00  sec   359 MBytes  3.15 Gbits/sec   10   1023 KBytes       
[  5]  32.00-33.00  sec   422 MBytes  3.54 Gbits/sec   42   1023 KBytes       
[  5]  33.00-34.00  sec   359 MBytes  3.01 Gbits/sec    1    895 KBytes       
[  5]  34.00-35.00  sec   416 MBytes  3.50 Gbits/sec   20   1.12 MBytes       
[  5]  35.00-36.01  sec   369 MBytes  3.06 Gbits/sec   10    256 KBytes       
[  5]  36.01-37.00  sec   351 MBytes  2.97 Gbits/sec    4   1023 KBytes       
[  5]  37.00-38.00  sec   380 MBytes  3.20 Gbits/sec    5   1023 KBytes       
[  5]  38.00-39.00  sec   429 MBytes  3.60 Gbits/sec   17    895 KBytes       
[  5]  39.00-40.00  sec   448 MBytes  3.75 Gbits/sec   25    895 KBytes       
[  5]  40.00-41.00  sec   352 MBytes  2.95 Gbits/sec    4    895 KBytes       
[  5]  41.00-42.00  sec   316 MBytes  2.65 Gbits/sec    3    767 KBytes       
[  5]  42.00-43.00  sec   336 MBytes  2.82 Gbits/sec    9    895 KBytes       
[  5]  43.00-44.00  sec   274 MBytes  2.30 Gbits/sec    1    895 KBytes       
[  5]  44.00-45.01  sec   302 MBytes  2.53 Gbits/sec   13    767 KBytes       
[  5]  45.01-46.00  sec   266 MBytes  2.25 Gbits/sec    0    895 KBytes       
[  5]  46.00-47.00  sec   326 MBytes  2.74 Gbits/sec    6    895 KBytes       
[  5]  47.00-48.00  sec   307 MBytes  2.58 Gbits/sec    8   1023 KBytes       
[  5]  48.00-49.00  sec   290 MBytes  2.43 Gbits/sec    2    639 KBytes       
[  5]  49.00-50.00  sec   380 MBytes  3.19 Gbits/sec   11    895 KBytes       
[  5]  50.00-51.00  sec   440 MBytes  3.68 Gbits/sec   13    895 KBytes       
[  5]  51.00-52.00  sec   378 MBytes  3.17 Gbits/sec    9    895 KBytes       
[  5]  52.00-53.01  sec   428 MBytes  3.56 Gbits/sec   15    895 KBytes       
[  5]  53.01-54.00  sec   380 MBytes  3.20 Gbits/sec    9    895 KBytes       
[  5]  54.00-55.00  sec   392 MBytes  3.30 Gbits/sec   11    767 KBytes       
[  5]  55.00-56.00  sec   341 MBytes  2.86 Gbits/sec    4    895 KBytes       
[  5]  56.00-57.00  sec   358 MBytes  2.99 Gbits/sec    0    767 KBytes       
[  5]  57.00-58.00  sec   371 MBytes  3.13 Gbits/sec    3    895 KBytes       
[  5]  58.00-59.00  sec   370 MBytes  3.10 Gbits/sec    7    895 KBytes       
[  5]  59.00-60.00  sec   382 MBytes  3.21 Gbits/sec    3    895 KBytes       
- - - - - - - - - - - - - - - - - - - - - - - - -
[ ID] Interval           Transfer     Bandwidth       Retr
[  5]   0.00-60.00  sec  22.2 GBytes  3.18 Gbits/sec  502             sender
[  5]   0.00-60.00  sec  22.2 GBytes  3.18 Gbits/sec                  receiver

iperf Done.
