Connecting to host 127.0.0.1, port 5201
[  5] local 127.0.0.1 port 49372 connected to 127.0.0.1 port 5201
[ ID] Interval           Transfer     Bandwidth       Retr  Cwnd
[  5]   0.00-1.00   sec  4.64 GBytes  39.9 Gbits/sec    0   6.68 MBytes       
[  5]   1.00-2.00   sec  6.74 GBytes  57.9 Gbits/sec    1   6.68 MBytes       
[  5]   2.00-3.00   sec  7.66 GBytes  65.8 Gbits/sec    3   6.68 MBytes       
[  5]   3.00-4.00   sec  7.87 GBytes  67.6 Gbits/sec    0   6.68 MBytes       
[  5]   4.00-5.00   sec  7.11 GBytes  61.1 Gbits/sec    0   6.68 MBytes       
[  5]   5.00-6.00   sec  7.81 GBytes  67.1 Gbits/sec    0   6.68 MBytes       
[  5]   6.00-7.00   sec  6.23 GBytes  53.5 Gbits/sec    0   6.68 MBytes       
[  5]   7.00-8.00   sec  6.03 GBytes  51.8 Gbits/sec    0   6.68 MBytes       
[  5]   8.00-9.00   sec  6.46 GBytes  55.5 Gbits/sec    0   6.68 MBytes       
[  5]   9.00-10.00  sec  6.37 GBytes  54.7 Gbits/sec    0   6.68 MBytes       
[  5]  10.00-11.00  sec  7.59 GBytes  65.2 Gbits/sec    0   6.68 MBytes       
[  5]  11.00-12.00  sec  7.85 GBytes  67.4 Gbits/sec    0   6.68 MBytes       
[  5]  12.00-13.00  sec  6.68 GBytes  57.4 Gbits/sec    0   6.68 MBytes       
[  5]  13.00-14.00  sec  6.48 GBytes  55.7 Gbits/sec    0   6.68 MBytes       
[  5]  14.00-15.00  sec  6.02 GBytes  51.7 Gbits/sec    0   6.68 MBytes       
[  5]  15.00-16.00  sec  6.27 GBytes  53.9 Gbits/sec    0   6.68 MBytes       
[  5]  16.00-17.00  sec  6.10 GBytes  52.4 Gbits/sec    0   6.68 MBytes       
[  5]  17.00-18.00  sec  6.51 GBytes  55.9 Gbits/sec    0   6.68 MBytes       
[  5]  18.00-19.00  sec  6.04 GBytes  51.9 Gbits/sec    0   6.68 MBytes       
[  5]  19.00-20.00  sec  6.24 GBytes  53.6 Gbits/sec    0   6.68 MBytes       
[  5]  20.00-21.00  sec  6.26 GBytes  53.8 Gbits/sec    0   6.68 MBytes       
[  5]  21.00-22.00  sec  5.87 GBytes  50.4 Gbits/sec    0   6.68 MBytes       
[  5]  22.00-23.00  sec  6.75 GBytes  58.0 Gbits/sec    0   6.68 MBytes       
[  5]  23.00-24.00  sec  7.69 GBytes  66.0 Gbits/sec    0   6.68 MBytes       
[  5]  24.00-25.00  sec  7.21 GBytes  61.9 Gbits/sec    0   6.68 MBytes       
[  5]  25.00-26.00  sec  7.30 GBytes  62.7 Gbits/sec    0   6.68 MBytes       
[  5]  26.00-27.00  sec  7.68 GBytes  65.9 Gbits/sec    0   6.68 MBytes       
[  5]  27.00-28.00  sec  7.49 GBytes  64.4 Gbits/sec    0   6.68 MBytes       
[  5]  28.00-29.00  sec  7.09 GBytes  60.9 Gbits/sec    0   6.68 MBytes       
[  5]  29.00-30.00  sec  7.54 GBytes  64.7 Gbits/sec    0   6.68 MBytes       
[  5]  30.00-31.00  sec  7.80 GBytes  67.0 Gbits/sec    0   6.68 MBytes       
[  5]  31.00-32.00  sec  7.51 GBytes  64.5 Gbits/sec    1   6.68 MBytes       
[  5]  32.00-33.00  sec  7.96 GBytes  68.3 Gbits/sec    0   6.68 MBytes       
[  5]  33.00-34.00  sec  8.03 GBytes  69.0 Gbits/sec    0   6.68 MBytes       
[  5]  34.00-35.00  sec  6.96 GBytes  59.8 Gbits/sec    0   6.68 MBytes       
[  5]  35.00-36.00  sec  6.57 GBytes  56.5 Gbits/sec    0   6.68 MBytes       
[  5]  36.00-37.00  sec  5.93 GBytes  50.9 Gbits/sec    0   6.68 MBytes       
[  5]  37.00-38.00  sec  6.16 GBytes  52.9 Gbits/sec    0   6.68 MBytes       
[  5]  38.00-39.00  sec  6.22 GBytes  53.5 Gbits/sec    0   6.68 MBytes       
[  5]  39.00-40.00  sec  6.26 GBytes  53.8 Gbits/sec    2   6.68 MBytes       
[  5]  40.00-41.00  sec  7.03 GBytes  60.4 Gbits/sec    0   6.68 MBytes       
[  5]  41.00-42.00  sec  7.33 GBytes  63.0 Gbits/sec    0   6.68 MBytes       
[  5]  42.00-43.00  sec  7.04 GBytes  60.4 Gbits/sec    0   6.68 MBytes       
[  5]  43.00-44.00  sec  7.55 GBytes  64.9 Gbits/sec    1   6.68 MBytes       
[  5]  44.00-45.00  sec  7.41 GBytes  63.7 Gbits/sec    0   6.68 MBytes       
[  5]  45.00-46.00  sec  7.37 GBytes  63.3 Gbits/sec    0   6.68 MBytes       
[  5]  46.00-47.00  sec  7.11 GBytes  61.0 Gbits/sec    0   6.68 MBytes       
[  5]  47.00-48.00  sec  7.48 GBytes  64.4 Gbits/sec    0   6.68 MBytes       
[  5]  48.00-49.00  sec  7.42 GBytes  63.7 Gbits/sec    0   6.68 MBytes       
[  5]  49.00-50.00  sec  7.39 GBytes  63.5 Gbits/sec    0   6.68 MBytes       
[  5]  50.00-51.00  sec  6.90 GBytes  59.2 Gbits/sec    0   6.68 MBytes       
[  5]  51.00-52.00  sec  6.82 GBytes  58.6 Gbits/sec    0   6.68 MBytes       
[  5]  52.00-53.00  sec  7.26 GBytes  62.4 Gbits/sec    0   6.68 MBytes       
[  5]  53.00-54.00  sec  7.30 GBytes  62.7 Gbits/sec    0   6.68 MBytes       
[  5]  54.00-55.00  sec  7.36 GBytes  63.2 Gbits/sec    0   6.68 MBytes       
[  5]  55.00-56.00  sec  7.30 GBytes  62.7 Gbits/sec    0   6.68 MBytes       
[  5]  56.00-57.00  sec  7.41 GBytes  63.7 Gbits/sec    0   6.68 MBytes       
[  5]  57.00-58.00  sec  7.31 GBytes  62.8 Gbits/sec    0   6.68 MBytes       
[  5]  58.00-59.00  sec  6.97 GBytes  59.9 Gbits/sec    0   6.68 MBytes       
[  5]  59.00-60.00  sec  7.31 GBytes  62.8 Gbits/sec    3   6.68 MBytes       
- - - - - - - - - - - - - - - - - - - - - - - - -
[ ID] Interval           Transfer     Bandwidth       Retr
[  5]   0.00-60.00  sec   418 GBytes  59.9 Gbits/sec   11             sender
[  5]   0.00-60.00  sec   418 GBytes  59.9 Gbits/sec                  receiver

iperf Done.
Connecting to host 127.0.0.1, port 5201
[  5] local 127.0.0.1 port 49384 connected to 127.0.0.1 port 5201
[ ID] Interval           Transfer     Bandwidth       Retr  Cwnd
[  5]   0.00-1.00   sec  4.41 GBytes  37.9 Gbits/sec    0   7.81 MBytes       
[  5]   1.00-2.00   sec  5.78 GBytes  49.6 Gbits/sec    0   7.81 MBytes       
[  5]   2.00-3.00   sec  7.15 GBytes  61.4 Gbits/sec    3   7.81 MBytes       
[  5]   3.00-4.00   sec  7.18 GBytes  61.7 Gbits/sec    1   7.81 MBytes       
[  5]   4.00-5.00   sec  7.40 GBytes  63.6 Gbits/sec    1   7.81 MBytes       
[  5]   5.00-6.00   sec  7.25 GBytes  62.3 Gbits/sec    0   7.81 MBytes       
[  5]   6.00-7.00   sec  7.54 GBytes  64.8 Gbits/sec    0   7.81 MBytes       
[  5]   7.00-8.00   sec  7.19 GBytes  61.7 Gbits/sec    0   7.81 MBytes       
[  5]   8.00-9.00   sec  7.40 GBytes  63.5 Gbits/sec    0   7.81 MBytes       
[  5]   9.00-10.00  sec  7.38 GBytes  63.4 Gbits/sec    0   7.81 MBytes       
[  5]  10.00-11.00  sec  7.49 GBytes  64.3 Gbits/sec    0   7.81 MBytes       
[  5]  11.00-12.00  sec  7.56 GBytes  64.9 Gbits/sec    0   7.81 MBytes       
[  5]  12.00-13.00  sec  7.34 GBytes  63.1 Gbits/sec    0   7.81 MBytes       
[  5]  13.00-14.00  sec  7.15 GBytes  61.4 Gbits/sec    0   7.81 MBytes       
[  5]  14.00-15.00  sec  6.48 GBytes  55.7 Gbits/sec    0   7.81 MBytes       
[  5]  15.00-16.00  sec  7.23 GBytes  62.1 Gbits/sec    0   7.81 MBytes       
[  5]  16.00-17.00  sec  7.22 GBytes  62.0 Gbits/sec    0   7.81 MBytes       
[  5]  17.00-18.00  sec  7.22 GBytes  62.0 Gbits/sec    0   7.81 MBytes       
[  5]  18.00-19.00  sec  7.67 GBytes  65.8 Gbits/sec    0   7.81 MBytes       
[  5]  19.00-20.00  sec  7.03 GBytes  60.4 Gbits/sec    4   3.87 MBytes       
[  5]  20.00-21.00  sec  7.39 GBytes  63.5 Gbits/sec    3   3.87 MBytes       
[  5]  21.00-22.00  sec  7.66 GBytes  65.8 Gbits/sec    0   3.87 MBytes       
[  5]  22.00-23.02  sec  7.09 GBytes  59.5 Gbits/sec    0   3.87 MBytes       
[  5]  23.02-24.00  sec  6.76 GBytes  59.5 Gbits/sec    0   3.87 MBytes       
[  5]  24.00-25.00  sec  7.08 GBytes  60.8 Gbits/sec    0   3.87 MBytes       
[  5]  25.00-26.00  sec  6.88 GBytes  59.1 Gbits/sec    0   3.87 MBytes       
[  5]  26.00-27.00  sec  6.73 GBytes  57.9 Gbits/sec    1   3.87 MBytes       
[  5]  27.00-28.00  sec  6.26 GBytes  53.8 Gbits/sec    0   3.87 MBytes       
[  5]  28.00-29.00  sec  6.28 GBytes  54.0 Gbits/sec    0   3.87 MBytes       
[  5]  29.00-30.00  sec  6.84 GBytes  58.7 Gbits/sec    0   3.87 MBytes       
[  5]  30.00-31.00  sec  6.71 GBytes  57.6 Gbits/sec    0   3.87 MBytes       
[  5]  31.00-32.00  sec  7.51 GBytes  64.5 Gbits/sec    0   3.87 MBytes       
[  5]  32.00-33.00  sec  7.36 GBytes  63.3 Gbits/sec    0   3.87 MBytes       
[  5]  33.00-34.00  sec  7.55 GBytes  64.9 Gbits/sec    0   3.87 MBytes       
[  5]  34.00-35.00  sec  7.40 GBytes  63.5 Gbits/sec    1   3.87 MBytes       
[  5]  35.00-36.00  sec  7.12 GBytes  61.1 Gbits/sec    0   3.87 MBytes       
[  5]  36.00-37.00  sec  7.60 GBytes  65.3 Gbits/sec    0   3.87 MBytes       
[  5]  37.00-38.00  sec  7.83 GBytes  67.2 Gbits/sec    0   3.87 MBytes       
[  5]  38.00-39.00  sec  7.71 GBytes  66.2 Gbits/sec    0   3.87 MBytes       
[  5]  39.00-40.00  sec  7.52 GBytes  64.6 Gbits/sec    1   3.87 MBytes       
[  5]  40.00-41.00  sec  7.96 GBytes  68.3 Gbits/sec    3   3.87 MBytes       
[  5]  41.00-42.00  sec  7.74 GBytes  66.5 Gbits/sec    0   3.87 MBytes       
[  5]  42.00-43.00  sec  7.69 GBytes  66.1 Gbits/sec    4   3.87 MBytes       
[  5]  43.00-44.00  sec  7.36 GBytes  63.2 Gbits/sec    0   3.87 MBytes       
[  5]  44.00-45.00  sec  7.51 GBytes  64.5 Gbits/sec    0   3.87 MBytes       
[  5]  45.00-46.00  sec  7.56 GBytes  64.9 Gbits/sec    0   3.87 MBytes       
[  5]  46.00-47.00  sec  7.55 GBytes  64.8 Gbits/sec    5   3.87 MBytes       
[  5]  47.00-48.00  sec  7.90 GBytes  67.9 Gbits/sec    0   3.87 MBytes       
[  5]  48.00-49.00  sec  7.67 GBytes  65.9 Gbits/sec    3   3.87 MBytes       
[  5]  49.00-50.00  sec  7.69 GBytes  66.0 Gbits/sec    0   3.87 MBytes       
[  5]  50.00-51.00  sec  7.36 GBytes  63.2 Gbits/sec    0   3.87 MBytes       
[  5]  51.00-52.00  sec  7.67 GBytes  65.9 Gbits/sec    0   3.87 MBytes       
[  5]  52.00-53.00  sec  7.48 GBytes  64.2 Gbits/sec    0   3.87 MBytes       
[  5]  53.00-54.00  sec  7.67 GBytes  65.9 Gbits/sec    0   3.87 MBytes       
[  5]  54.00-55.00  sec  7.86 GBytes  67.5 Gbits/sec    0   3.87 MBytes       
[  5]  55.00-56.00  sec  7.66 GBytes  65.8 Gbits/sec    0   3.87 MBytes       
[  5]  56.00-57.00  sec  7.54 GBytes  64.8 Gbits/sec    1   3.87 MBytes       
[  5]  57.00-58.00  sec  7.49 GBytes  64.4 Gbits/sec    0   3.87 MBytes       
[  5]  58.00-59.00  sec  7.35 GBytes  63.1 Gbits/sec    1   3.87 MBytes       
[  5]  59.00-60.00  sec  7.54 GBytes  64.8 Gbits/sec    3   3.87 MBytes       
- - - - - - - - - - - - - - - - - - - - - - - - -
[ ID] Interval           Transfer     Bandwidth       Retr
[  5]   0.00-60.00  sec   437 GBytes  62.5 Gbits/sec   35             sender
[  5]   0.00-60.00  sec   437 GBytes  62.5 Gbits/sec                  receiver

iperf Done.
